mode: set
netguard-pg-backend/internal/sync/worker/condition_messages.go:23.94,26.23 2 1
netguard-pg-backend/internal/sync/worker/condition_messages.go:26.23,28.3 1 1
netguard-pg-backend/internal/sync/worker/condition_messages.go:29.2,29.90 1 1
netguard-pg-backend/internal/sync/worker/condition_messages.go:33.68,36.23 2 1
netguard-pg-backend/internal/sync/worker/condition_messages.go:36.23,38.3 1 1
netguard-pg-backend/internal/sync/worker/condition_messages.go:39.2,39.62 1 1
netguard-pg-backend/internal/sync/worker/condition_messages.go:43.66,45.31 1 1
netguard-pg-backend/internal/sync/worker/condition_messages.go:45.31,49.3 3 1
netguard-pg-backend/internal/sync/worker/condition_messages.go:50.2,50.83 1 1
netguard-pg-backend/internal/sync/worker/condition_messages.go:54.67,57.15 2 1
netguard-pg-backend/internal/sync/worker/condition_messages.go:57.15,61.3 3 1
netguard-pg-backend/internal/sync/worker/condition_messages.go:62.2,62.86 1 1
netguard-pg-backend/internal/sync/worker/condition_messages.go:66.47,68.2 1 1
netguard-pg-backend/internal/sync/worker/condition_messages.go:71.94,73.2 1 1
netguard-pg-backend/internal/sync/worker/condition_updater.go:40.9,52.16 4 0
netguard-pg-backend/internal/sync/worker/condition_updater.go:52.16,54.3 1 0
netguard-pg-backend/internal/sync/worker/condition_updater.go:58.2,83.16 3 0
netguard-pg-backend/internal/sync/worker/condition_updater.go:83.16,88.3 2 0
netguard-pg-backend/internal/sync/worker/condition_updater.go:90.2,91.23 2 0
netguard-pg-backend/internal/sync/worker/condition_updater.go:91.23,96.3 1 0
netguard-pg-backend/internal/sync/worker/condition_updater.go:98.2,104.12 2 0
netguard-pg-backend/internal/sync/worker/condition_updater.go:116.9,128.16 4 0
netguard-pg-backend/internal/sync/worker/condition_updater.go:128.16,130.3 1 0
netguard-pg-backend/internal/sync/worker/condition_updater.go:133.2,160.16 3 0
netguard-pg-backend/internal/sync/worker/condition_updater.go:160.16,167.3 2 0
netguard-pg-backend/internal/sync/worker/condition_updater.go:169.2,170.23 2 0
netguard-pg-backend/internal/sync/worker/condition_updater.go:170.23,175.3 1 0
netguard-pg-backend/internal/sync/worker/condition_updater.go:177.2,184.12 2 0
netguard-pg-backend/internal/sync/worker/condition_updater.go:189.70,190.14 1 1
netguard-pg-backend/internal/sync/worker/condition_updater.go:190.14,193.3 1 1
netguard-pg-backend/internal/sync/worker/condition_updater.go:195.2,201.97 2 1
netguard-pg-backend/internal/sync/worker/condition_updater.go:201.97,203.3 1 1
netguard-pg-backend/internal/sync/worker/condition_updater.go:206.2,206.48 1 1
netguard-pg-backend/internal/sync/worker/condition_updater.go:206.48,208.3 1 1
netguard-pg-backend/internal/sync/worker/condition_updater.go:211.2,211.53 1 1
netguard-pg-backend/internal/sync/worker/condition_updater.go:211.53,213.3 1 1
netguard-pg-backend/internal/sync/worker/condition_updater.go:216.2,216.123 1 1
netguard-pg-backend/internal/sync/worker/condition_updater.go:216.123,218.3 1 1
netguard-pg-backend/internal/sync/worker/condition_updater.go:221.2,221.48 1 1
netguard-pg-backend/internal/sync/worker/condition_updater.go:221.48,223.3 1 1
netguard-pg-backend/internal/sync/worker/condition_updater.go:226.2,226.60 1 1
netguard-pg-backend/internal/sync/worker/condition_updater.go:226.60,228.3 1 1
netguard-pg-backend/internal/sync/worker/condition_updater.go:231.2,231.33 1 1
netguard-pg-backend/internal/sync/worker/condition_updater.go:235.43,236.7 1 1
netguard-pg-backend/internal/sync/worker/condition_updater.go:236.7,238.3 1 1
netguard-pg-backend/internal/sync/worker/condition_updater.go:239.2,239.16 1 1
netguard-pg-backend/internal/sync/worker/condition_updater.go:245.98,247.2 1 0
netguard-pg-backend/internal/sync/worker/condition_updater.go:250.111,253.2 2 0
netguard-pg-backend/internal/sync/worker/condition_updater.go:256.99,258.2 1 0
netguard-pg-backend/internal/sync/worker/condition_updater.go:267.9,270.2 2 0
netguard-pg-backend/internal/sync/worker/condition_updater.go:278.9,281.2 2 0
netguard-pg-backend/internal/sync/worker/condition_updater.go:288.9,291.2 2 0
netguard-pg-backend/internal/sync/worker/condition_updater.go:299.9,302.2 2 0
netguard-pg-backend/internal/sync/worker/config.go:40.36,53.2 1 1
netguard-pg-backend/internal/sync/worker/config.go:57.34,61.54 2 0
netguard-pg-backend/internal/sync/worker/config.go:61.54,62.55 1 0
netguard-pg-backend/internal/sync/worker/config.go:62.55,64.4 1 0
netguard-pg-backend/internal/sync/worker/config.go:68.2,68.60 1 0
netguard-pg-backend/internal/sync/worker/config.go:68.60,69.57 1 0
netguard-pg-backend/internal/sync/worker/config.go:69.57,71.4 1 0
netguard-pg-backend/internal/sync/worker/config.go:75.2,75.57 1 0
netguard-pg-backend/internal/sync/worker/config.go:75.57,76.52 1 0
netguard-pg-backend/internal/sync/worker/config.go:76.52,78.4 1 0
netguard-pg-backend/internal/sync/worker/config.go:82.2,82.54 1 0
netguard-pg-backend/internal/sync/worker/config.go:82.54,83.56 1 0
netguard-pg-backend/internal/sync/worker/config.go:83.56,85.4 1 0
netguard-pg-backend/internal/sync/worker/config.go:89.2,89.63 1 0
netguard-pg-backend/internal/sync/worker/config.go:89.63,90.51 1 0
netguard-pg-backend/internal/sync/worker/config.go:90.51,92.4 1 0
netguard-pg-backend/internal/sync/worker/config.go:96.2,96.62 1 0
netguard-pg-backend/internal/sync/worker/config.go:96.62,97.51 1 0
netguard-pg-backend/internal/sync/worker/config.go:97.51,99.4 1 0
netguard-pg-backend/internal/sync/worker/config.go:103.2,103.60 1 0
netguard-pg-backend/internal/sync/worker/config.go:103.60,104.51 1 0
netguard-pg-backend/internal/sync/worker/config.go:104.51,106.4 1 0
netguard-pg-backend/internal/sync/worker/config.go:110.2,110.61 1 0
netguard-pg-backend/internal/sync/worker/config.go:110.61,111.57 1 0
netguard-pg-backend/internal/sync/worker/config.go:111.57,113.4 1 0
netguard-pg-backend/internal/sync/worker/config.go:117.2,117.55 1 0
netguard-pg-backend/internal/sync/worker/config.go:117.55,118.55 1 0
netguard-pg-backend/internal/sync/worker/config.go:118.55,120.4 1 0
netguard-pg-backend/internal/sync/worker/config.go:123.2,123.12 1 0
netguard-pg-backend/internal/sync/worker/config.go:127.41,128.25 1 1
netguard-pg-backend/internal/sync/worker/config.go:128.25,130.3 1 1
netguard-pg-backend/internal/sync/worker/config.go:131.2,131.36 1 1
netguard-pg-backend/internal/sync/worker/config.go:131.36,133.3 1 0
netguard-pg-backend/internal/sync/worker/config.go:134.2,134.22 1 1
netguard-pg-backend/internal/sync/worker/config.go:134.22,136.3 1 0
netguard-pg-backend/internal/sync/worker/config.go:137.2,137.23 1 1
netguard-pg-backend/internal/sync/worker/config.go:137.23,139.3 1 0
netguard-pg-backend/internal/sync/worker/config.go:140.2,140.26 1 1
netguard-pg-backend/internal/sync/worker/config.go:140.26,142.3 1 0
netguard-pg-backend/internal/sync/worker/config.go:143.2,143.33 1 1
netguard-pg-backend/internal/sync/worker/config.go:143.33,145.3 1 0
netguard-pg-backend/internal/sync/worker/config.go:146.2,146.34 1 1
netguard-pg-backend/internal/sync/worker/config.go:146.34,148.3 1 0
netguard-pg-backend/internal/sync/worker/config.go:149.2,149.33 1 1
netguard-pg-backend/internal/sync/worker/config.go:149.33,151.3 1 0
netguard-pg-backend/internal/sync/worker/config.go:152.2,152.31 1 1
netguard-pg-backend/internal/sync/worker/config.go:152.31,154.3 1 0
netguard-pg-backend/internal/sync/worker/config.go:155.2,155.32 1 1
netguard-pg-backend/internal/sync/worker/config.go:155.32,157.3 1 0
netguard-pg-backend/internal/sync/worker/config.go:158.2,158.12 1 1
netguard-pg-backend/internal/sync/worker/delta_applier.go:15.100,16.37 1 1
netguard-pg-backend/internal/sync/worker/delta_applier.go:16.37,18.3 1 1
netguard-pg-backend/internal/sync/worker/delta_applier.go:22.2,22.45 1 1
netguard-pg-backend/internal/sync/worker/delta_applier.go:22.45,24.3 1 1
netguard-pg-backend/internal/sync/worker/delta_applier.go:26.2,26.30 1 1
netguard-pg-backend/internal/sync/worker/delta_applier.go:27.28,28.42 1 1
netguard-pg-backend/internal/sync/worker/delta_applier.go:29.20,30.34 1 1
netguard-pg-backend/internal/sync/worker/delta_applier.go:31.23,32.37 1 1
netguard-pg-backend/internal/sync/worker/delta_applier.go:33.23,34.37 1 1
netguard-pg-backend/internal/sync/worker/delta_applier.go:35.10,38.13 1 0
netguard-pg-backend/internal/sync/worker/delta_applier.go:66.83,68.50 2 1
netguard-pg-backend/internal/sync/worker/delta_applier.go:68.50,70.3 1 1
netguard-pg-backend/internal/sync/worker/delta_applier.go:73.2,73.25 1 1
netguard-pg-backend/internal/sync/worker/delta_applier.go:73.25,76.36 2 1
netguard-pg-backend/internal/sync/worker/delta_applier.go:76.36,78.4 1 1
netguard-pg-backend/internal/sync/worker/delta_applier.go:81.3,81.39 1 1
netguard-pg-backend/internal/sync/worker/delta_applier.go:81.39,82.32 1 1
netguard-pg-backend/internal/sync/worker/delta_applier.go:82.32,88.5 1 1
netguard-pg-backend/internal/sync/worker/delta_applier.go:93.2,93.28 1 1
netguard-pg-backend/internal/sync/worker/delta_applier.go:93.28,95.42 2 1
netguard-pg-backend/internal/sync/worker/delta_applier.go:95.42,97.4 1 1
netguard-pg-backend/internal/sync/worker/delta_applier.go:100.3,101.36 2 1
netguard-pg-backend/internal/sync/worker/delta_applier.go:101.36,102.32 1 1
netguard-pg-backend/internal/sync/worker/delta_applier.go:102.32,104.5 1 1
netguard-pg-backend/internal/sync/worker/delta_applier.go:106.3,106.27 1 1
netguard-pg-backend/internal/sync/worker/delta_applier.go:110.2,110.28 1 1
netguard-pg-backend/internal/sync/worker/delta_applier.go:110.28,112.35 2 1
netguard-pg-backend/internal/sync/worker/delta_applier.go:112.35,114.4 1 1
netguard-pg-backend/internal/sync/worker/delta_applier.go:116.3,116.37 1 1
netguard-pg-backend/internal/sync/worker/delta_applier.go:116.37,117.35 1 1
netguard-pg-backend/internal/sync/worker/delta_applier.go:117.35,119.5 1 1
netguard-pg-backend/internal/sync/worker/delta_applier.go:124.2,124.31 1 1
netguard-pg-backend/internal/sync/worker/delta_applier.go:124.31,126.44 2 0
netguard-pg-backend/internal/sync/worker/delta_applier.go:126.44,128.4 1 0
netguard-pg-backend/internal/sync/worker/delta_applier.go:130.3,131.35 2 0
netguard-pg-backend/internal/sync/worker/delta_applier.go:131.35,132.28 1 0
netguard-pg-backend/internal/sync/worker/delta_applier.go:132.28,134.5 1 0
netguard-pg-backend/internal/sync/worker/delta_applier.go:136.3,136.33 1 0
netguard-pg-backend/internal/sync/worker/delta_applier.go:140.2,140.35 1 1
netguard-pg-backend/internal/sync/worker/delta_applier.go:140.35,142.3 1 1
netguard-pg-backend/internal/sync/worker/delta_applier.go:144.2,144.26 1 1
netguard-pg-backend/internal/sync/worker/delta_applier.go:144.26,146.3 1 1
netguard-pg-backend/internal/sync/worker/delta_applier.go:148.2,148.27 1 1
netguard-pg-backend/internal/sync/worker/delta_applier.go:148.27,150.3 1 1
netguard-pg-backend/internal/sync/worker/delta_applier.go:152.2,152.12 1 1
netguard-pg-backend/internal/sync/worker/delta_applier.go:167.69,169.50 2 1
netguard-pg-backend/internal/sync/worker/delta_applier.go:169.50,171.3 1 0
netguard-pg-backend/internal/sync/worker/delta_applier.go:174.2,174.28 1 1
netguard-pg-backend/internal/sync/worker/delta_applier.go:174.28,177.3 2 1
netguard-pg-backend/internal/sync/worker/delta_applier.go:180.2,180.23 1 1
netguard-pg-backend/internal/sync/worker/delta_applier.go:180.23,183.33 3 1
netguard-pg-backend/internal/sync/worker/delta_applier.go:183.33,185.4 1 1
netguard-pg-backend/internal/sync/worker/delta_applier.go:187.3,187.31 1 1
netguard-pg-backend/internal/sync/worker/delta_applier.go:187.31,188.24 1 1
netguard-pg-backend/internal/sync/worker/delta_applier.go:188.24,190.5 1 1
netguard-pg-backend/internal/sync/worker/delta_applier.go:195.2,195.26 1 1
netguard-pg-backend/internal/sync/worker/delta_applier.go:195.26,197.34 2 1
netguard-pg-backend/internal/sync/worker/delta_applier.go:197.34,199.4 1 1
netguard-pg-backend/internal/sync/worker/delta_applier.go:201.3,203.33 3 1
netguard-pg-backend/internal/sync/worker/delta_applier.go:203.33,204.22 1 1
netguard-pg-backend/internal/sync/worker/delta_applier.go:204.22,206.5 1 1
netguard-pg-backend/internal/sync/worker/delta_applier.go:208.3,208.30 1 1
netguard-pg-backend/internal/sync/worker/delta_applier.go:211.2,211.12 1 1
netguard-pg-backend/internal/sync/worker/delta_applier.go:220.78,222.50 2 1
netguard-pg-backend/internal/sync/worker/delta_applier.go:222.50,224.3 1 0
netguard-pg-backend/internal/sync/worker/delta_applier.go:227.2,227.26 1 1
netguard-pg-backend/internal/sync/worker/delta_applier.go:227.26,229.3 1 1
netguard-pg-backend/internal/sync/worker/delta_applier.go:231.2,231.12 1 1
netguard-pg-backend/internal/sync/worker/delta_applier.go:249.78,251.50 2 1
netguard-pg-backend/internal/sync/worker/delta_applier.go:251.50,253.3 1 0
netguard-pg-backend/internal/sync/worker/delta_applier.go:256.2,256.34 1 1
netguard-pg-backend/internal/sync/worker/delta_applier.go:256.34,259.3 2 1
netguard-pg-backend/internal/sync/worker/delta_applier.go:262.2,262.32 1 1
netguard-pg-backend/internal/sync/worker/delta_applier.go:262.32,264.45 2 1
netguard-pg-backend/internal/sync/worker/delta_applier.go:264.45,266.4 1 1
netguard-pg-backend/internal/sync/worker/delta_applier.go:268.3,268.42 1 1
netguard-pg-backend/internal/sync/worker/delta_applier.go:268.42,269.33 1 1
netguard-pg-backend/internal/sync/worker/delta_applier.go:269.33,271.5 1 1
netguard-pg-backend/internal/sync/worker/delta_applier.go:276.2,276.35 1 1
netguard-pg-backend/internal/sync/worker/delta_applier.go:276.35,278.48 2 1
netguard-pg-backend/internal/sync/worker/delta_applier.go:278.48,280.4 1 1
netguard-pg-backend/internal/sync/worker/delta_applier.go:282.3,283.45 2 1
netguard-pg-backend/internal/sync/worker/delta_applier.go:283.45,284.29 1 1
netguard-pg-backend/internal/sync/worker/delta_applier.go:284.29,286.5 1 1
netguard-pg-backend/internal/sync/worker/delta_applier.go:288.3,288.39 1 1
netguard-pg-backend/internal/sync/worker/delta_applier.go:292.2,292.33 1 1
netguard-pg-backend/internal/sync/worker/delta_applier.go:292.33,294.3 1 1
netguard-pg-backend/internal/sync/worker/delta_applier.go:296.2,296.12 1 1
netguard-pg-backend/internal/sync/worker/dependency_checker.go:26.17,29.22 2 0
netguard-pg-backend/internal/sync/worker/dependency_checker.go:30.33,31.22 1 0
netguard-pg-backend/internal/sync/worker/dependency_checker.go:32.41,33.31 1 0
netguard-pg-backend/internal/sync/worker/dependency_checker.go:34.36,35.25 1 0
netguard-pg-backend/internal/sync/worker/dependency_checker.go:36.36,37.25 1 0
netguard-pg-backend/internal/sync/worker/dependency_checker.go:38.40,39.30 1 0
netguard-pg-backend/internal/sync/worker/dependency_checker.go:40.43,41.33 1 0
netguard-pg-backend/internal/sync/worker/dependency_checker.go:42.10,43.70 1 0
netguard-pg-backend/internal/sync/worker/dependency_checker.go:48.2,61.16 4 0
netguard-pg-backend/internal/sync/worker/dependency_checker.go:61.16,64.3 1 0
netguard-pg-backend/internal/sync/worker/dependency_checker.go:66.2,72.19 2 0
netguard-pg-backend/internal/sync/worker/dependency_checker.go:83.9,86.16 2 0
netguard-pg-backend/internal/sync/worker/dependency_checker.go:86.16,88.3 1 0
netguard-pg-backend/internal/sync/worker/dependency_checker.go:91.2,92.16 2 0
netguard-pg-backend/internal/sync/worker/dependency_checker.go:92.16,94.3 1 0
netguard-pg-backend/internal/sync/worker/dependency_checker.go:97.2,99.12 3 0
netguard-pg-backend/internal/sync/worker/dependency_checker.go:99.12,100.35 1 0
netguard-pg-backend/internal/sync/worker/dependency_checker.go:101.30,102.44 1 0
netguard-pg-backend/internal/sync/worker/dependency_checker.go:103.32,104.46 1 0
netguard-pg-backend/internal/sync/worker/dependency_checker.go:110.2,121.41 2 0
netguard-pg-backend/internal/sync/worker/dependency_checker.go:121.41,123.3 1 0
netguard-pg-backend/internal/sync/worker/dependency_checker.go:126.2,126.56 1 0
netguard-pg-backend/internal/sync/worker/dependency_checker.go:126.56,128.3 1 0
netguard-pg-backend/internal/sync/worker/dependency_checker.go:130.2,135.12 2 0
netguard-pg-backend/internal/sync/worker/dependency_checker.go:143.27,146.22 2 0
netguard-pg-backend/internal/sync/worker/dependency_checker.go:147.33,148.22 1 0
netguard-pg-backend/internal/sync/worker/dependency_checker.go:149.41,150.31 1 0
netguard-pg-backend/internal/sync/worker/dependency_checker.go:151.36,152.25 1 0
netguard-pg-backend/internal/sync/worker/dependency_checker.go:153.36,154.25 1 0
netguard-pg-backend/internal/sync/worker/dependency_checker.go:155.40,156.30 1 0
netguard-pg-backend/internal/sync/worker/dependency_checker.go:157.43,158.33 1 0
netguard-pg-backend/internal/sync/worker/dependency_checker.go:159.10,160.67 1 0
netguard-pg-backend/internal/sync/worker/dependency_checker.go:164.2,172.16 3 0
netguard-pg-backend/internal/sync/worker/dependency_checker.go:172.16,175.3 1 0
netguard-pg-backend/internal/sync/worker/dependency_checker.go:177.2,177.17 1 0
netguard-pg-backend/internal/sync/worker/dependency_checker.go:185.31,188.45 2 0
netguard-pg-backend/internal/sync/worker/dependency_checker.go:188.45,190.17 2 0
netguard-pg-backend/internal/sync/worker/dependency_checker.go:190.17,193.4 1 0
netguard-pg-backend/internal/sync/worker/dependency_checker.go:195.3,195.13 1 0
netguard-pg-backend/internal/sync/worker/dependency_checker.go:195.13,197.4 1 0
netguard-pg-backend/internal/sync/worker/dependency_checker.go:200.2,200.21 1 0
netguard-pg-backend/internal/sync/worker/dependency_checker.go:208.57,211.36 2 1
netguard-pg-backend/internal/sync/worker/dependency_checker.go:211.36,212.83 1 1
netguard-pg-backend/internal/sync/worker/dependency_checker.go:212.83,214.4 1 1
netguard-pg-backend/internal/sync/worker/dependency_checker.go:217.2,217.33 1 1
netguard-pg-backend/internal/sync/worker/dependency_checker.go:217.33,220.3 1 1
netguard-pg-backend/internal/sync/worker/dependency_checker.go:223.2,224.45 2 0
netguard-pg-backend/internal/sync/worker/dependency_checker.go:224.45,226.17 2 0
netguard-pg-backend/internal/sync/worker/dependency_checker.go:226.17,228.4 1 0
netguard-pg-backend/internal/sync/worker/dependency_checker.go:230.3,230.13 1 0
netguard-pg-backend/internal/sync/worker/dependency_checker.go:230.13,232.4 1 0
netguard-pg-backend/internal/sync/worker/dependency_checker.go:235.2,235.40 1 0
netguard-pg-backend/internal/sync/worker/dependency_checker.go:263.37,266.16 2 0
netguard-pg-backend/internal/sync/worker/dependency_checker.go:266.16,268.3 1 0
netguard-pg-backend/internal/sync/worker/dependency_checker.go:271.2,271.28 1 0
netguard-pg-backend/internal/sync/worker/dependency_checker.go:271.28,275.3 2 0
netguard-pg-backend/internal/sync/worker/dependency_checker.go:277.2,283.35 3 0
netguard-pg-backend/internal/sync/worker/dependency_checker.go:283.35,285.17 2 0
netguard-pg-backend/internal/sync/worker/dependency_checker.go:285.17,288.4 1 0
netguard-pg-backend/internal/sync/worker/dependency_checker.go:290.3,290.13 1 0
netguard-pg-backend/internal/sync/worker/dependency_checker.go:290.13,297.4 2 0
netguard-pg-backend/internal/sync/worker/dependency_checker.go:300.2,300.23 1 0
netguard-pg-backend/internal/sync/worker/dependency_checker.go:300.23,302.3 1 0
netguard-pg-backend/internal/sync/worker/dependency_checker.go:304.2,308.23 2 0
netguard-pg-backend/internal/sync/worker/dependency_checker.go:315.31,316.22 1 1
netguard-pg-backend/internal/sync/worker/dependency_checker.go:317.41,318.53 1 0
netguard-pg-backend/internal/sync/worker/dependency_checker.go:319.36,320.48 1 0
netguard-pg-backend/internal/sync/worker/dependency_checker.go:321.36,322.48 1 0
netguard-pg-backend/internal/sync/worker/dependency_checker.go:323.33,325.18 1 1
netguard-pg-backend/internal/sync/worker/dependency_checker.go:326.10,327.75 1 1
netguard-pg-backend/internal/sync/worker/dependency_checker.go:335.31,339.9 2 1
netguard-pg-backend/internal/sync/worker/dependency_checker.go:339.9,341.3 1 1
netguard-pg-backend/internal/sync/worker/dependency_checker.go:345.2,346.45 2 1
netguard-pg-backend/internal/sync/worker/dependency_checker.go:346.45,353.3 1 1
netguard-pg-backend/internal/sync/worker/dependency_checker.go:355.2,360.18 2 1
netguard-pg-backend/internal/sync/worker/dependency_checker.go:367.31,370.9 2 1
netguard-pg-backend/internal/sync/worker/dependency_checker.go:370.9,372.3 1 1
netguard-pg-backend/internal/sync/worker/dependency_checker.go:375.2,375.36 1 1
netguard-pg-backend/internal/sync/worker/dependency_checker.go:375.36,381.3 2 1
netguard-pg-backend/internal/sync/worker/dependency_checker.go:383.2,397.18 3 1
netguard-pg-backend/internal/sync/worker/dependency_checker.go:404.31,407.9 2 1
netguard-pg-backend/internal/sync/worker/dependency_checker.go:407.9,409.3 1 1
netguard-pg-backend/internal/sync/worker/dependency_checker.go:413.2,414.56 2 1
netguard-pg-backend/internal/sync/worker/dependency_checker.go:414.56,421.3 1 1
netguard-pg-backend/internal/sync/worker/dependency_checker.go:423.2,428.18 2 1
netguard-pg-backend/internal/sync/worker/error_handler.go:29.65,30.16 1 1
netguard-pg-backend/internal/sync/worker/error_handler.go:30.16,32.3 1 1
netguard-pg-backend/internal/sync/worker/error_handler.go:35.2,35.46 1 1
netguard-pg-backend/internal/sync/worker/error_handler.go:35.46,37.3 1 1
netguard-pg-backend/internal/sync/worker/error_handler.go:38.2,38.38 1 1
netguard-pg-backend/internal/sync/worker/error_handler.go:38.38,40.3 1 1
netguard-pg-backend/internal/sync/worker/error_handler.go:43.2,43.41 1 1
netguard-pg-backend/internal/sync/worker/error_handler.go:43.41,44.20 1 1
netguard-pg-backend/internal/sync/worker/error_handler.go:45.30,47.34 1 1
netguard-pg-backend/internal/sync/worker/error_handler.go:49.33,51.34 1 1
netguard-pg-backend/internal/sync/worker/error_handler.go:53.28,55.32 1 1
netguard-pg-backend/internal/sync/worker/error_handler.go:57.23,59.34 1 1
netguard-pg-backend/internal/sync/worker/error_handler.go:61.26,63.33 1 1
netguard-pg-backend/internal/sync/worker/error_handler.go:65.22,67.33 1 1
netguard-pg-backend/internal/sync/worker/error_handler.go:69.23,71.33 1 1
netguard-pg-backend/internal/sync/worker/error_handler.go:73.31,75.33 1 1
netguard-pg-backend/internal/sync/worker/error_handler.go:77.32,79.33 1 1
netguard-pg-backend/internal/sync/worker/error_handler.go:81.22,83.33 1 1
netguard-pg-backend/internal/sync/worker/error_handler.go:85.11,87.33 1 0
netguard-pg-backend/internal/sync/worker/error_handler.go:92.2,92.25 1 1
netguard-pg-backend/internal/sync/worker/error_handler.go:92.25,94.3 1 1
netguard-pg-backend/internal/sync/worker/error_handler.go:97.2,97.31 1 1
netguard-pg-backend/internal/sync/worker/error_handler.go:102.37,103.16 1 1
netguard-pg-backend/internal/sync/worker/error_handler.go:103.16,105.3 1 1
netguard-pg-backend/internal/sync/worker/error_handler.go:108.2,109.29 2 1
netguard-pg-backend/internal/sync/worker/error_handler.go:109.29,111.3 1 1
netguard-pg-backend/internal/sync/worker/error_handler.go:114.2,115.28 2 1
netguard-pg-backend/internal/sync/worker/error_handler.go:115.28,117.3 1 0
netguard-pg-backend/internal/sync/worker/error_handler.go:119.2,120.29 2 1
netguard-pg-backend/internal/sync/worker/error_handler.go:120.29,122.3 1 0
netguard-pg-backend/internal/sync/worker/error_handler.go:125.2,141.42 3 1
netguard-pg-backend/internal/sync/worker/error_handler.go:141.42,142.40 1 1
netguard-pg-backend/internal/sync/worker/error_handler.go:142.40,144.4 1 1
netguard-pg-backend/internal/sync/worker/error_handler.go:147.2,147.14 1 1
netguard-pg-backend/internal/sync/worker/error_handler.go:151.49,152.18 1 1
netguard-pg-backend/internal/sync/worker/error_handler.go:153.31,154.11 1 1
netguard-pg-backend/internal/sync/worker/error_handler.go:156.30,157.12 1 1
netguard-pg-backend/internal/sync/worker/error_handler.go:159.28,160.13 1 1
netguard-pg-backend/internal/sync/worker/error_handler.go:162.29,163.12 1 1
netguard-pg-backend/internal/sync/worker/error_handler.go:165.10,166.12 1 1
netguard-pg-backend/internal/sync/worker/health.go:34.79,38.34 3 0
netguard-pg-backend/internal/sync/worker/health.go:38.34,40.3 1 0
netguard-pg-backend/internal/sync/worker/health.go:42.2,45.59 3 0
netguard-pg-backend/internal/sync/worker/health.go:45.59,47.3 1 0
netguard-pg-backend/internal/sync/worker/health.go:51.55,65.25 10 0
netguard-pg-backend/internal/sync/worker/health.go:65.25,67.3 1 0
netguard-pg-backend/internal/sync/worker/health.go:70.2,74.16 4 0
netguard-pg-backend/internal/sync/worker/health.go:74.16,77.3 2 0
netguard-pg-backend/internal/sync/worker/health.go:80.2,93.3 2 0
netguard-pg-backend/internal/sync/worker/health.go:97.112,101.62 2 0
netguard-pg-backend/internal/sync/worker/health.go:101.62,103.3 1 0
netguard-pg-backend/internal/sync/worker/health.go:106.2,106.23 1 0
netguard-pg-backend/internal/sync/worker/health.go:106.23,108.3 1 0
netguard-pg-backend/internal/sync/worker/health.go:111.2,111.19 1 0
netguard-pg-backend/internal/sync/worker/health.go:111.19,113.23 2 0
netguard-pg-backend/internal/sync/worker/health.go:113.23,115.4 1 0
netguard-pg-backend/internal/sync/worker/health.go:118.2,118.18 1 0
netguard-pg-backend/internal/sync/worker/health.go:122.42,123.16 1 0
netguard-pg-backend/internal/sync/worker/health.go:123.16,125.3 1 0
netguard-pg-backend/internal/sync/worker/health.go:126.2,126.31 1 0
netguard-pg-backend/internal/sync/worker/health.go:130.45,131.12 1 1
netguard-pg-backend/internal/sync/worker/health.go:131.12,133.3 1 0
netguard-pg-backend/internal/sync/worker/health.go:135.2,139.15 4 1
netguard-pg-backend/internal/sync/worker/health.go:139.15,141.3 1 0
netguard-pg-backend/internal/sync/worker/health.go:141.8,141.24 1 1
netguard-pg-backend/internal/sync/worker/health.go:141.24,143.3 1 1
netguard-pg-backend/internal/sync/worker/health.go:144.2,144.36 1 1
netguard-pg-backend/internal/sync/worker/metrics.go:73.59,76.16 2 0
netguard-pg-backend/internal/sync/worker/metrics.go:76.16,79.3 2 0
netguard-pg-backend/internal/sync/worker/metrics.go:80.2,80.38 1 0
netguard-pg-backend/internal/sync/worker/metrics.go:84.83,88.2 3 0
netguard-pg-backend/internal/sync/worker/metrics.go:91.83,95.2 3 0
netguard-pg-backend/internal/sync/worker/metrics.go:98.72,100.2 1 0
netguard-pg-backend/internal/sync/worker/metrics.go:103.20,105.2 1 0
netguard-pg-backend/internal/sync/worker/metrics.go:108.22,110.2 1 0
netguard-pg-backend/internal/sync/worker/metrics.go:113.50,115.2 1 0
netguard-pg-backend/internal/sync/worker/outbox_worker.go:62.17,63.19 1 1
netguard-pg-backend/internal/sync/worker/outbox_worker.go:63.19,65.3 1 1
netguard-pg-backend/internal/sync/worker/outbox_worker.go:67.2,67.42 1 1
netguard-pg-backend/internal/sync/worker/outbox_worker.go:67.42,69.3 1 0
netguard-pg-backend/internal/sync/worker/outbox_worker.go:71.2,83.3 1 1
netguard-pg-backend/internal/sync/worker/outbox_worker.go:87.57,108.6 11 0
netguard-pg-backend/internal/sync/worker/outbox_worker.go:108.6,109.10 1 0
netguard-pg-backend/internal/sync/worker/outbox_worker.go:110.21,112.20 2 0
netguard-pg-backend/internal/sync/worker/outbox_worker.go:114.19,116.14 2 0
netguard-pg-backend/internal/sync/worker/outbox_worker.go:118.19,124.46 5 0
netguard-pg-backend/internal/sync/worker/outbox_worker.go:124.46,131.5 5 0
netguard-pg-backend/internal/sync/worker/outbox_worker.go:131.10,135.5 3 0
netguard-pg-backend/internal/sync/worker/outbox_worker.go:136.4,136.47 1 0
netguard-pg-backend/internal/sync/worker/outbox_worker.go:138.26,140.31 1 0
netguard-pg-backend/internal/sync/worker/outbox_worker.go:140.31,142.5 1 0
netguard-pg-backend/internal/sync/worker/outbox_worker.go:148.31,152.9 2 0
netguard-pg-backend/internal/sync/worker/outbox_worker.go:153.18,155.9 1 0
netguard-pg-backend/internal/sync/worker/outbox_worker.go:156.10,157.18 1 0
netguard-pg-backend/internal/sync/worker/outbox_worker.go:161.2,163.50 2 0
netguard-pg-backend/internal/sync/worker/outbox_worker.go:167.47,169.2 1 0
netguard-pg-backend/internal/sync/worker/outbox_worker.go:173.63,175.2 1 0
netguard-pg-backend/internal/sync/worker/outbox_worker.go:178.64,181.16 2 0
netguard-pg-backend/internal/sync/worker/outbox_worker.go:181.16,183.3 1 0
netguard-pg-backend/internal/sync/worker/outbox_worker.go:185.2,185.23 1 0
netguard-pg-backend/internal/sync/worker/outbox_worker.go:185.23,188.3 1 0
netguard-pg-backend/internal/sync/worker/outbox_worker.go:190.2,195.32 2 0
netguard-pg-backend/internal/sync/worker/outbox_worker.go:195.32,196.52 1 0
netguard-pg-backend/internal/sync/worker/outbox_worker.go:196.52,203.4 1 0
netguard-pg-backend/internal/sync/worker/outbox_worker.go:203.9,205.4 1 0
netguard-pg-backend/internal/sync/worker/outbox_worker.go:208.2,208.12 1 0
netguard-pg-backend/internal/sync/worker/outbox_worker.go:215.91,222.28 2 1
netguard-pg-backend/internal/sync/worker/outbox_worker.go:223.33,226.45 1 0
netguard-pg-backend/internal/sync/worker/outbox_worker.go:228.35,231.46 1 0
netguard-pg-backend/internal/sync/worker/outbox_worker.go:233.10,241.13 3 1
netguard-pg-backend/internal/sync/worker/process_entity.go:32.9,39.90 2 0
netguard-pg-backend/internal/sync/worker/process_entity.go:39.90,41.3 1 0
netguard-pg-backend/internal/sync/worker/process_entity.go:44.2,45.16 2 0
netguard-pg-backend/internal/sync/worker/process_entity.go:45.16,46.73 1 0
netguard-pg-backend/internal/sync/worker/process_entity.go:46.73,52.4 2 0
netguard-pg-backend/internal/sync/worker/process_entity.go:53.3,53.56 1 0
netguard-pg-backend/internal/sync/worker/process_entity.go:57.2,57.46 1 0
netguard-pg-backend/internal/sync/worker/process_entity.go:57.46,58.74 1 0
netguard-pg-backend/internal/sync/worker/process_entity.go:58.74,63.4 2 0
netguard-pg-backend/internal/sync/worker/process_entity.go:64.3,66.52 1 0
netguard-pg-backend/internal/sync/worker/process_entity.go:73.2,74.16 2 0
netguard-pg-backend/internal/sync/worker/process_entity.go:74.16,79.3 2 0
netguard-pg-backend/internal/sync/worker/process_entity.go:81.2,81.15 1 0
netguard-pg-backend/internal/sync/worker/process_entity.go:81.15,84.35 1 0
netguard-pg-backend/internal/sync/worker/process_entity.go:84.35,92.4 1 0
netguard-pg-backend/internal/sync/worker/process_entity.go:95.3,96.76 1 0
netguard-pg-backend/internal/sync/worker/process_entity.go:96.76,98.4 1 0
netguard-pg-backend/internal/sync/worker/process_entity.go:102.3,105.24 1 0
netguard-pg-backend/internal/sync/worker/process_entity.go:108.2,113.16 3 0
netguard-pg-backend/internal/sync/worker/process_entity.go:113.16,115.3 1 0
netguard-pg-backend/internal/sync/worker/process_entity.go:119.2,127.9 5 0
netguard-pg-backend/internal/sync/worker/process_entity.go:127.9,129.3 1 0
netguard-pg-backend/internal/sync/worker/process_entity.go:131.2,131.76 1 0
netguard-pg-backend/internal/sync/worker/process_entity.go:131.76,137.3 2 0
netguard-pg-backend/internal/sync/worker/process_entity.go:139.2,144.100 2 0
netguard-pg-backend/internal/sync/worker/process_entity.go:144.100,152.3 2 0
netguard-pg-backend/internal/sync/worker/process_entity.go:155.2,155.74 1 0
netguard-pg-backend/internal/sync/worker/process_entity.go:155.74,157.3 1 0
netguard-pg-backend/internal/sync/worker/process_entity.go:159.2,163.12 2 0
netguard-pg-backend/internal/sync/worker/process_entity.go:171.24,174.16 2 0
netguard-pg-backend/internal/sync/worker/process_entity.go:174.16,176.3 1 0
netguard-pg-backend/internal/sync/worker/process_entity.go:177.2,189.22 2 0
netguard-pg-backend/internal/sync/worker/process_entity.go:190.33,192.61 2 0
netguard-pg-backend/internal/sync/worker/process_entity.go:192.61,193.54 1 0
netguard-pg-backend/internal/sync/worker/process_entity.go:193.54,196.5 2 0
netguard-pg-backend/internal/sync/worker/process_entity.go:197.4,197.14 1 0
netguard-pg-backend/internal/sync/worker/process_entity.go:199.3,199.43 1 0
netguard-pg-backend/internal/sync/worker/process_entity.go:199.43,201.4 1 0
netguard-pg-backend/internal/sync/worker/process_entity.go:202.3,202.23 1 0
netguard-pg-backend/internal/sync/worker/process_entity.go:202.23,204.4 1 0
netguard-pg-backend/internal/sync/worker/process_entity.go:205.3,205.24 1 0
netguard-pg-backend/internal/sync/worker/process_entity.go:207.41,209.75 2 0
netguard-pg-backend/internal/sync/worker/process_entity.go:209.75,210.52 1 0
netguard-pg-backend/internal/sync/worker/process_entity.go:210.52,213.5 2 0
netguard-pg-backend/internal/sync/worker/process_entity.go:214.4,214.14 1 0
netguard-pg-backend/internal/sync/worker/process_entity.go:216.3,216.43 1 0
netguard-pg-backend/internal/sync/worker/process_entity.go:216.43,218.4 1 0
netguard-pg-backend/internal/sync/worker/process_entity.go:219.3,219.21 1 0
netguard-pg-backend/internal/sync/worker/process_entity.go:219.21,221.4 1 0
netguard-pg-backend/internal/sync/worker/process_entity.go:222.3,222.22 1 0
netguard-pg-backend/internal/sync/worker/process_entity.go:224.36,226.70 2 0
netguard-pg-backend/internal/sync/worker/process_entity.go:226.70,227.57 1 0
netguard-pg-backend/internal/sync/worker/process_entity.go:227.57,230.5 2 0
netguard-pg-backend/internal/sync/worker/process_entity.go:231.4,231.14 1 0
netguard-pg-backend/internal/sync/worker/process_entity.go:233.3,233.43 1 0
netguard-pg-backend/internal/sync/worker/process_entity.go:233.43,235.4 1 0
netguard-pg-backend/internal/sync/worker/process_entity.go:236.3,236.26 1 0
netguard-pg-backend/internal/sync/worker/process_entity.go:236.26,238.4 1 0
netguard-pg-backend/internal/sync/worker/process_entity.go:239.3,239.27 1 0
netguard-pg-backend/internal/sync/worker/process_entity.go:241.36,243.70 2 0
netguard-pg-backend/internal/sync/worker/process_entity.go:243.70,244.57 1 0
netguard-pg-backend/internal/sync/worker/process_entity.go:244.57,247.5 2 0
netguard-pg-backend/internal/sync/worker/process_entity.go:248.4,248.14 1 0
netguard-pg-backend/internal/sync/worker/process_entity.go:250.3,250.43 1 0
netguard-pg-backend/internal/sync/worker/process_entity.go:250.43,252.4 1 0
netguard-pg-backend/internal/sync/worker/process_entity.go:253.3,253.26 1 0
netguard-pg-backend/internal/sync/worker/process_entity.go:253.26,255.4 1 0
netguard-pg-backend/internal/sync/worker/process_entity.go:256.3,256.27 1 0
netguard-pg-backend/internal/sync/worker/process_entity.go:258.10,259.68 1 0
netguard-pg-backend/internal/sync/worker/process_entity.go:264.124,266.22 1 0
netguard-pg-backend/internal/sync/worker/process_entity.go:267.33,268.27 1 0
netguard-pg-backend/internal/sync/worker/process_entity.go:269.41,270.35 1 0
netguard-pg-backend/internal/sync/worker/process_entity.go:271.36,272.30 1 0
netguard-pg-backend/internal/sync/worker/process_entity.go:273.36,274.30 1 0
netguard-pg-backend/internal/sync/worker/process_entity.go:275.10,276.76 1 0
netguard-pg-backend/internal/sync/worker/process_entity.go:287.9,290.16 2 0
netguard-pg-backend/internal/sync/worker/process_entity.go:290.16,292.3 1 0
netguard-pg-backend/internal/sync/worker/process_entity.go:293.2,297.16 3 0
netguard-pg-backend/internal/sync/worker/process_entity.go:297.16,299.3 1 0
netguard-pg-backend/internal/sync/worker/process_entity.go:302.2,303.30 2 0
netguard-pg-backend/internal/sync/worker/process_entity.go:304.20,311.113 4 0
netguard-pg-backend/internal/sync/worker/process_entity.go:311.113,313.4 1 0
netguard-pg-backend/internal/sync/worker/process_entity.go:315.28,322.129 4 0
netguard-pg-backend/internal/sync/worker/process_entity.go:322.129,324.4 1 0
netguard-pg-backend/internal/sync/worker/process_entity.go:326.23,333.119 4 0
netguard-pg-backend/internal/sync/worker/process_entity.go:333.119,335.4 1 0
netguard-pg-backend/internal/sync/worker/process_entity.go:337.23,344.119 4 0
netguard-pg-backend/internal/sync/worker/process_entity.go:344.119,346.4 1 0
netguard-pg-backend/internal/sync/worker/process_entity.go:348.10,349.70 1 0
netguard-pg-backend/internal/sync/worker/process_entity.go:353.2,353.40 1 0
netguard-pg-backend/internal/sync/worker/process_entity.go:353.40,355.3 1 0
netguard-pg-backend/internal/sync/worker/process_entity.go:358.2,359.9 2 0
netguard-pg-backend/internal/sync/worker/process_entity.go:359.9,361.3 1 0
netguard-pg-backend/internal/sync/worker/process_entity.go:363.2,363.61 1 0
netguard-pg-backend/internal/sync/worker/process_entity.go:363.61,365.3 1 0
netguard-pg-backend/internal/sync/worker/process_entity.go:367.2,367.12 1 0
netguard-pg-backend/internal/sync/worker/process_entity.go:371.74,372.12 1 1
netguard-pg-backend/internal/sync/worker/process_entity.go:373.34,374.35 1 1
netguard-pg-backend/internal/sync/worker/process_entity.go:375.34,376.35 1 1
netguard-pg-backend/internal/sync/worker/process_entity.go:377.34,378.35 1 1
netguard-pg-backend/internal/sync/worker/process_entity.go:379.10,380.35 1 0
netguard-pg-backend/internal/sync/worker/process_entity.go:393.128,394.23 1 0
netguard-pg-backend/internal/sync/worker/process_entity.go:395.34,396.51 1 0
netguard-pg-backend/internal/sync/worker/process_entity.go:397.35,398.59 1 0
netguard-pg-backend/internal/sync/worker/process_entity.go:399.37,400.54 1 0
netguard-pg-backend/internal/sync/worker/process_entity.go:401.37,402.54 1 0
netguard-pg-backend/internal/sync/worker/process_entity.go:403.10,404.67 1 0
netguard-pg-backend/internal/sync/worker/process_entity.go:408.137,409.23 1 0
netguard-pg-backend/internal/sync/worker/process_entity.go:410.34,411.58 1 0
netguard-pg-backend/internal/sync/worker/process_entity.go:412.35,413.66 1 0
netguard-pg-backend/internal/sync/worker/process_entity.go:414.37,415.61 1 0
netguard-pg-backend/internal/sync/worker/process_entity.go:416.37,417.61 1 0
netguard-pg-backend/internal/sync/worker/process_entity.go:418.10,419.67 1 0
netguard-pg-backend/internal/sync/worker/process_entity.go:423.79,425.2 1 0
netguard-pg-backend/internal/sync/worker/process_process_resource.go:35.9,43.36 3 0
netguard-pg-backend/internal/sync/worker/process_process_resource.go:43.36,44.83 1 0
netguard-pg-backend/internal/sync/worker/process_process_resource.go:44.83,50.4 2 0
netguard-pg-backend/internal/sync/worker/process_process_resource.go:53.2,53.33 1 0
netguard-pg-backend/internal/sync/worker/process_process_resource.go:53.33,60.3 2 0
netguard-pg-backend/internal/sync/worker/process_process_resource.go:62.2,68.45 3 0
netguard-pg-backend/internal/sync/worker/process_process_resource.go:68.45,70.17 2 0
netguard-pg-backend/internal/sync/worker/process_process_resource.go:70.17,78.4 2 0
netguard-pg-backend/internal/sync/worker/process_process_resource.go:80.3,80.13 1 0
netguard-pg-backend/internal/sync/worker/process_process_resource.go:80.13,85.67 2 0
netguard-pg-backend/internal/sync/worker/process_process_resource.go:85.67,92.5 1 0
netguard-pg-backend/internal/sync/worker/process_process_resource.go:97.2,97.32 1 0
netguard-pg-backend/internal/sync/worker/process_process_resource.go:97.32,103.3 2 0
netguard-pg-backend/internal/sync/worker/process_process_resource.go:107.2,107.103 1 0
netguard-pg-backend/internal/sync/worker/process_process_resource.go:107.103,110.3 1 0
netguard-pg-backend/internal/sync/worker/process_process_resource.go:112.2,120.61 4 0
netguard-pg-backend/internal/sync/worker/process_process_resource.go:132.9,139.16 3 0
netguard-pg-backend/internal/sync/worker/process_process_resource.go:139.16,141.3 1 0
netguard-pg-backend/internal/sync/worker/process_process_resource.go:142.2,147.27 3 0
netguard-pg-backend/internal/sync/worker/process_process_resource.go:148.40,151.61 2 0
netguard-pg-backend/internal/sync/worker/process_process_resource.go:151.61,153.18 2 0
netguard-pg-backend/internal/sync/worker/process_process_resource.go:153.18,155.5 1 0
netguard-pg-backend/internal/sync/worker/process_process_resource.go:156.4,158.74 2 0
netguard-pg-backend/internal/sync/worker/process_process_resource.go:158.74,159.48 1 0
netguard-pg-backend/internal/sync/worker/process_process_resource.go:159.48,162.6 2 0
netguard-pg-backend/internal/sync/worker/process_process_resource.go:163.5,163.15 1 0
netguard-pg-backend/internal/sync/worker/process_process_resource.go:167.3,167.43 1 0
netguard-pg-backend/internal/sync/worker/process_process_resource.go:167.43,169.4 1 0
netguard-pg-backend/internal/sync/worker/process_process_resource.go:170.3,170.26 1 0
netguard-pg-backend/internal/sync/worker/process_process_resource.go:170.26,172.4 1 0
netguard-pg-backend/internal/sync/worker/process_process_resource.go:175.3,189.138 4 0
netguard-pg-backend/internal/sync/worker/process_process_resource.go:189.138,191.4 1 0
netguard-pg-backend/internal/sync/worker/process_process_resource.go:193.43,196.61 2 0
netguard-pg-backend/internal/sync/worker/process_process_resource.go:196.61,198.18 2 0
netguard-pg-backend/internal/sync/worker/process_process_resource.go:198.18,200.5 1 0
netguard-pg-backend/internal/sync/worker/process_process_resource.go:201.4,203.80 2 0
netguard-pg-backend/internal/sync/worker/process_process_resource.go:203.80,204.48 1 0
netguard-pg-backend/internal/sync/worker/process_process_resource.go:204.48,207.6 2 0
netguard-pg-backend/internal/sync/worker/process_process_resource.go:208.5,208.15 1 0
netguard-pg-backend/internal/sync/worker/process_process_resource.go:212.3,212.43 1 0
netguard-pg-backend/internal/sync/worker/process_process_resource.go:212.43,214.4 1 0
netguard-pg-backend/internal/sync/worker/process_process_resource.go:215.3,215.26 1 0
netguard-pg-backend/internal/sync/worker/process_process_resource.go:215.26,217.4 1 0
netguard-pg-backend/internal/sync/worker/process_process_resource.go:220.3,234.144 4 0
netguard-pg-backend/internal/sync/worker/process_process_resource.go:234.144,236.4 1 0
netguard-pg-backend/internal/sync/worker/process_process_resource.go:238.10,239.76 1 0
netguard-pg-backend/internal/sync/worker/process_process_resource.go:243.2,243.40 1 0
netguard-pg-backend/internal/sync/worker/process_process_resource.go:243.40,245.3 1 0
netguard-pg-backend/internal/sync/worker/process_process_resource.go:248.2,248.58 1 0
netguard-pg-backend/internal/sync/worker/process_process_resource.go:248.58,250.3 1 0
netguard-pg-backend/internal/sync/worker/process_process_resource.go:252.2,256.12 2 0
netguard-pg-backend/internal/sync/worker/process_process_resource.go:264.9,266.42 2 0
netguard-pg-backend/internal/sync/worker/process_process_resource.go:266.42,268.3 1 0
netguard-pg-backend/internal/sync/worker/process_process_resource.go:269.2,269.12 1 0
netguard-pg-backend/internal/sync/worker/retry_logic.go:21.9,36.34 4 0
netguard-pg-backend/internal/sync/worker/retry_logic.go:36.34,45.3 2 0
netguard-pg-backend/internal/sync/worker/retry_logic.go:48.2,49.29 2 0
netguard-pg-backend/internal/sync/worker/retry_logic.go:49.29,52.3 1 0
netguard-pg-backend/internal/sync/worker/retry_logic.go:52.8,55.3 1 0
netguard-pg-backend/internal/sync/worker/retry_logic.go:57.2,61.61 2 0
netguard-pg-backend/internal/sync/worker/retry_logic.go:61.61,63.3 1 0
netguard-pg-backend/internal/sync/worker/retry_logic.go:66.2,88.22 5 0
netguard-pg-backend/internal/sync/worker/retry_logic.go:88.22,90.3 1 0
netguard-pg-backend/internal/sync/worker/retry_logic.go:92.2,101.12 2 0
netguard-pg-backend/internal/sync/worker/retry_logic.go:106.69,116.30 2 1
netguard-pg-backend/internal/sync/worker/retry_logic.go:116.30,118.3 1 1
netguard-pg-backend/internal/sync/worker/retry_logic.go:121.2,121.34 1 1
netguard-pg-backend/internal/sync/worker/retry_logic.go:131.9,134.41 1 0
netguard-pg-backend/internal/sync/worker/retry_logic.go:134.41,136.3 1 0
netguard-pg-backend/internal/sync/worker/retry_logic.go:138.2,158.22 5 0
netguard-pg-backend/internal/sync/worker/retry_logic.go:158.22,160.3 1 0
netguard-pg-backend/internal/sync/worker/retry_logic.go:162.2,169.12 2 0
netguard-pg-backend/internal/sync/worker/retry_logic.go:174.95,176.58 1 0
netguard-pg-backend/internal/sync/worker/retry_logic.go:176.58,178.3 1 0
netguard-pg-backend/internal/sync/worker/retry_logic.go:180.2,186.12 2 0
netguard-pg-backend/internal/sync/worker/retry_logic.go:195.9,205.2 2 0
